---
source: tests/e2e/mod.rs
assertion_line: 11
info:
  program: pinentry-wukong
  args:
    - completions
    - "-h"
---
success: true
exit_code: 0
----- stdout -----
Generate shell completions

Usage: pinentry-wukong completions [OPTIONS] <SHELL>

Arguments:
  <SHELL>  The shell type [possible values: bash, elvish, fish, powershell, zsh]

Options:
  -v, --verbose...       Increase logging verbosity
  -q, --quiet...         Decrease logging verbosity
      --log-file <PATH>  Write logs to a file instead of the default <exe>.log
  -h, --help             Print help

----- stderr -----
