---
source: tests/e2e/mod.rs
info:
  program: pinentry-wukong
  args:
    - completions
    - bash
---
success: true
exit_code: 0
----- stdout -----
_pinentry-wukong() {
    local i cur prev opts cmd
    COMPREPLY=()
    if [[ "${BASH_VERSINFO[0]}" -ge 4 ]]; then
        cur="$2"
    else
        cur="${COMP_WORDS[COMP_CWORD]}"
    fi
    prev="$3"
    cmd=""
    opts=""

    for i in "${COMP_WORDS[@]:0:COMP_CWORD}"
    do
        case "${cmd},${i}" in
            ",$1")
                cmd="pinentry__wukong"
                ;;
            pinentry__wukong,completions)
                cmd="pinentry__wukong__subcmd__completions"
                ;;
            pinentry__wukong,config)
                cmd="pinentry__wukong__subcmd__config"
                ;;
            pinentry__wukong,help)
                cmd="pinentry__wukong__subcmd__help"
                ;;
            pinentry__wukong,serve)
                cmd="pinentry__wukong__subcmd__serve"
                ;;
            pinentry__wukong__subcmd__config,edit)
                cmd="pinentry__wukong__subcmd__config__subcmd__edit"
                ;;
            pinentry__wukong__subcmd__config,help)
                cmd="pinentry__wukong__subcmd__config__subcmd__help"
                ;;
            pinentry__wukong__subcmd__config,list)
                cmd="pinentry__wukong__subcmd__config__subcmd__list"
                ;;
            pinentry__wukong__subcmd__config,path)
                cmd="pinentry__wukong__subcmd__config__subcmd__path"
                ;;
            pinentry__wukong__subcmd__config__subcmd__help,edit)
                cmd="pinentry__wukong__subcmd__config__subcmd__help__subcmd__edit"
                ;;
            pinentry__wukong__subcmd__config__subcmd__help,help)
                cmd="pinentry__wukong__subcmd__config__subcmd__help__subcmd__help"
                ;;
            pinentry__wukong__subcmd__config__subcmd__help,list)
                cmd="pinentry__wukong__subcmd__config__subcmd__help__subcmd__list"
                ;;
            pinentry__wukong__subcmd__config__subcmd__help,path)
                cmd="pinentry__wukong__subcmd__config__subcmd__help__subcmd__path"
                ;;
            pinentry__wukong__subcmd__help,completions)
                cmd="pinentry__wukong__subcmd__help__subcmd__completions"
                ;;
            pinentry__wukong__subcmd__help,config)
                cmd="pinentry__wukong__subcmd__help__subcmd__config"
                ;;
            pinentry__wukong__subcmd__help,help)
                cmd="pinentry__wukong__subcmd__help__subcmd__help"
                ;;
            pinentry__wukong__subcmd__help,serve)
                cmd="pinentry__wukong__subcmd__help__subcmd__serve"
                ;;
            pinentry__wukong__subcmd__help__subcmd__config,edit)
                cmd="pinentry__wukong__subcmd__help__subcmd__config__subcmd__edit"
                ;;
            pinentry__wukong__subcmd__help__subcmd__config,list)
                cmd="pinentry__wukong__subcmd__help__subcmd__config__subcmd__list"
                ;;
            pinentry__wukong__subcmd__help__subcmd__config,path)
                cmd="pinentry__wukong__subcmd__help__subcmd__config__subcmd__path"
                ;;
            *)
                ;;
        esac
    done

    case "${cmd}" in
        pinentry__wukong)
            opts="-v -q -D -T -N -C -M -o -g -h -V --verbose --quiet --debug --config --keyring --no-keyring --display --ttyname --ttytype --lc-ctype --lc-messages --timeout --no-global-grab --ui --help --version serve completions config help"
            if [[ ${cur} == -* || ${COMP_CWORD} -eq 1 ]] ; then
                COMPREPLY=( $(compgen -W "${opts}" -- "${cur}") )
                return 0
            fi
            case "${prev}" in
                --config)
                    COMPREPLY=($(compgen -f "${cur}"))
                    return 0
                    ;;
                --display)
                    COMPREPLY=($(compgen -f "${cur}"))
                    return 0
                    ;;
                -D)
                    COMPREPLY=($(compgen -f "${cur}"))
                    return 0
                    ;;
                --ttyname)
                    COMPREPLY=($(compgen -f "${cur}"))
                    return 0
                    ;;
                -T)
                    COMPREPLY=($(compgen -f "${cur}"))
                    return 0
                    ;;
                --ttytype)
                    COMPREPLY=($(compgen -f "${cur}"))
                    return 0
                    ;;
                -N)
                    COMPREPLY=($(compgen -f "${cur}"))
                    return 0
                    ;;
                --lc-ctype)
                    COMPREPLY=($(compgen -f "${cur}"))
                    return 0
                    ;;
                -C)
                    COMPREPLY=($(compgen -f "${cur}"))
                    return 0
                    ;;
                --lc-messages)
                    COMPREPLY=($(compgen -f "${cur}"))
                    return 0
                    ;;
                -M)
                    COMPREPLY=($(compgen -f "${cur}"))
                    return 0
                    ;;
                --timeout)
                    COMPREPLY=($(compgen -f "${cur}"))
                    return 0
                    ;;
                -o)
                    COMPREPLY=($(compgen -f "${cur}"))
                    return 0
                    ;;
                --ui)
                    COMPREPLY=($(compgen -f "${cur}"))
                    return 0
                    ;;
                *)
                    COMPREPLY=()
                    ;;
            esac
            COMPREPLY=( $(compgen -W "${opts}" -- "${cur}") )
            return 0
            ;;
        pinentry__subcmd__wukong__subcmd__completions)
            opts="-v -q -h --verbose --quiet --debug --config --keyring --no-keyring --help bash elvish fish powershell zsh"
            if [[ ${cur} == -* || ${COMP_CWORD} -eq 2 ]] ; then
                COMPREPLY=( $(compgen -W "${opts}" -- "${cur}") )
                return 0
            fi
            case "${prev}" in
                --config)
                    COMPREPLY=($(compgen -f "${cur}"))
                    return 0
                    ;;
                *)
                    COMPREPLY=()
                    ;;
            esac
            COMPREPLY=( $(compgen -W "${opts}" -- "${cur}") )
            return 0
            ;;
        pinentry__subcmd__wukong__subcmd__config)
            opts="-v -q -h --verbose --quiet --debug --config --keyring --no-keyring --help edit list path help"
            if [[ ${cur} == -* || ${COMP_CWORD} -eq 2 ]] ; then
                COMPREPLY=( $(compgen -W "${opts}" -- "${cur}") )
                return 0
            fi
            case "${prev}" in
                --config)
                    COMPREPLY=($(compgen -f "${cur}"))
                    return 0
                    ;;
                *)
                    COMPREPLY=()
                    ;;
            esac
            COMPREPLY=( $(compgen -W "${opts}" -- "${cur}") )
            return 0
            ;;
        pinentry__subcmd__wukong__subcmd__config__subcmd__edit)
            opts="-v -q -h --verbose --quiet --debug --config --keyring --no-keyring --help"
            if [[ ${cur} == -* || ${COMP_CWORD} -eq 3 ]] ; then
                COMPREPLY=( $(compgen -W "${opts}" -- "${cur}") )
                return 0
            fi
            case "${prev}" in
                --config)
                    COMPREPLY=($(compgen -f "${cur}"))
                    return 0
                    ;;
                *)
                    COMPREPLY=()
                    ;;
            esac
            COMPREPLY=( $(compgen -W "${opts}" -- "${cur}") )
            return 0
            ;;
        pinentry__subcmd__wukong__subcmd__config__subcmd__help)
            opts="edit list path help"
            if [[ ${cur} == -* || ${COMP_CWORD} -eq 3 ]] ; then
                COMPREPLY=( $(compgen -W "${opts}" -- "${cur}") )
                return 0
            fi
            case "${prev}" in
                *)
                    COMPREPLY=()
                    ;;
            esac
            COMPREPLY=( $(compgen -W "${opts}" -- "${cur}") )
            return 0
            ;;
        pinentry__subcmd__wukong__subcmd__config__subcmd__help__subcmd__edit)
            opts=""
            if [[ ${cur} == -* || ${COMP_CWORD} -eq 4 ]] ; then
                COMPREPLY=( $(compgen -W "${opts}" -- "${cur}") )
                return 0
            fi
            case "${prev}" in
                *)
                    COMPREPLY=()
                    ;;
            esac
            COMPREPLY=( $(compgen -W "${opts}" -- "${cur}") )
            return 0
            ;;
        pinentry__subcmd__wukong__subcmd__config__subcmd__help__subcmd__help)
            opts=""
            if [[ ${cur} == -* || ${COMP_CWORD} -eq 4 ]] ; then
                COMPREPLY=( $(compgen -W "${opts}" -- "${cur}") )
                return 0
            fi
            case "${prev}" in
                *)
                    COMPREPLY=()
                    ;;
            esac
            COMPREPLY=( $(compgen -W "${opts}" -- "${cur}") )
            return 0
            ;;
        pinentry__subcmd__wukong__subcmd__config__subcmd__help__subcmd__list)
            opts=""
            if [[ ${cur} == -* || ${COMP_CWORD} -eq 4 ]] ; then
                COMPREPLY=( $(compgen -W "${opts}" -- "${cur}") )
                return 0
            fi
            case "${prev}" in
                *)
                    COMPREPLY=()
                    ;;
            esac
            COMPREPLY=( $(compgen -W "${opts}" -- "${cur}") )
            return 0
            ;;
        pinentry__subcmd__wukong__subcmd__config__subcmd__help__subcmd__path)
            opts=""
            if [[ ${cur} == -* || ${COMP_CWORD} -eq 4 ]] ; then
                COMPREPLY=( $(compgen -W "${opts}" -- "${cur}") )
                return 0
            fi
            case "${prev}" in
                *)
                    COMPREPLY=()
                    ;;
            esac
            COMPREPLY=( $(compgen -W "${opts}" -- "${cur}") )
            return 0
            ;;
        pinentry__subcmd__wukong__subcmd__config__subcmd__list)
            opts="-v -q -h --verbose --quiet --debug --config --keyring --no-keyring --help"
            if [[ ${cur} == -* || ${COMP_CWORD} -eq 3 ]] ; then
                COMPREPLY=( $(compgen -W "${opts}" -- "${cur}") )
                return 0
            fi
            case "${prev}" in
                --config)
                    COMPREPLY=($(compgen -f "${cur}"))
                    return 0
                    ;;
                *)
                    COMPREPLY=()
                    ;;
            esac
            COMPREPLY=( $(compgen -W "${opts}" -- "${cur}") )
            return 0
            ;;
        pinentry__subcmd__wukong__subcmd__config__subcmd__path)
            opts="-v -q -h --verbose --quiet --debug --config --keyring --no-keyring --help"
            if [[ ${cur} == -* || ${COMP_CWORD} -eq 3 ]] ; then
                COMPREPLY=( $(compgen -W "${opts}" -- "${cur}") )
                return 0
            fi
            case "${prev}" in
                --config)
                    COMPREPLY=($(compgen -f "${cur}"))
                    return 0
                    ;;
                *)
                    COMPREPLY=()
                    ;;
            esac
            COMPREPLY=( $(compgen -W "${opts}" -- "${cur}") )
            return 0
            ;;
        pinentry__subcmd__wukong__subcmd__help)
            opts="serve completions config help"
            if [[ ${cur} == -* || ${COMP_CWORD} -eq 2 ]] ; then
                COMPREPLY=( $(compgen -W "${opts}" -- "${cur}") )
                return 0
            fi
            case "${prev}" in
                *)
                    COMPREPLY=()
                    ;;
            esac
            COMPREPLY=( $(compgen -W "${opts}" -- "${cur}") )
            return 0
            ;;
        pinentry__subcmd__wukong__subcmd__help__subcmd__completions)
            opts=""
            if [[ ${cur} == -* || ${COMP_CWORD} -eq 3 ]] ; then
                COMPREPLY=( $(compgen -W "${opts}" -- "${cur}") )
                return 0
            fi
            case "${prev}" in
                *)
                    COMPREPLY=()
                    ;;
            esac
            COMPREPLY=( $(compgen -W "${opts}" -- "${cur}") )
            return 0
            ;;
        pinentry__subcmd__wukong__subcmd__help__subcmd__config)
            opts="edit list path"
            if [[ ${cur} == -* || ${COMP_CWORD} -eq 3 ]] ; then
                COMPREPLY=( $(compgen -W "${opts}" -- "${cur}") )
                return 0
            fi
            case "${prev}" in
                *)
                    COMPREPLY=()
                    ;;
            esac
            COMPREPLY=( $(compgen -W "${opts}" -- "${cur}") )
            return 0
            ;;
        pinentry__subcmd__wukong__subcmd__help__subcmd__config__subcmd__edit)
            opts=""
            if [[ ${cur} == -* || ${COMP_CWORD} -eq 4 ]] ; then
                COMPREPLY=( $(compgen -W "${opts}" -- "${cur}") )
                return 0
            fi
            case "${prev}" in
                *)
                    COMPREPLY=()
                    ;;
            esac
            COMPREPLY=( $(compgen -W "${opts}" -- "${cur}") )
            return 0
            ;;
        pinentry__subcmd__wukong__subcmd__help__subcmd__config__subcmd__list)
            opts=""
            if [[ ${cur} == -* || ${COMP_CWORD} -eq 4 ]] ; then
                COMPREPLY=( $(compgen -W "${opts}" -- "${cur}") )
                return 0
            fi
            case "${prev}" in
                *)
                    COMPREPLY=()
                    ;;
            esac
            COMPREPLY=( $(compgen -W "${opts}" -- "${cur}") )
            return 0
            ;;
        pinentry__subcmd__wukong__subcmd__help__subcmd__config__subcmd__path)
            opts=""
            if [[ ${cur} == -* || ${COMP_CWORD} -eq 4 ]] ; then
                COMPREPLY=( $(compgen -W "${opts}" -- "${cur}") )
                return 0
            fi
            case "${prev}" in
                *)
                    COMPREPLY=()
                    ;;
            esac
            COMPREPLY=( $(compgen -W "${opts}" -- "${cur}") )
            return 0
            ;;
        pinentry__subcmd__wukong__subcmd__help__subcmd__help)
            opts=""
            if [[ ${cur} == -* || ${COMP_CWORD} -eq 3 ]] ; then
                COMPREPLY=( $(compgen -W "${opts}" -- "${cur}") )
                return 0
            fi
            case "${prev}" in
                *)
                    COMPREPLY=()
                    ;;
            esac
            COMPREPLY=( $(compgen -W "${opts}" -- "${cur}") )
            return 0
            ;;
        pinentry__subcmd__wukong__subcmd__help__subcmd__serve)
            opts=""
            if [[ ${cur} == -* || ${COMP_CWORD} -eq 3 ]] ; then
                COMPREPLY=( $(compgen -W "${opts}" -- "${cur}") )
                return 0
            fi
            case "${prev}" in
                *)
                    COMPREPLY=()
                    ;;
            esac
            COMPREPLY=( $(compgen -W "${opts}" -- "${cur}") )
            return 0
            ;;
        pinentry__subcmd__wukong__subcmd__serve)
            opts="-D -T -N -C -M -o -g -v -q -h --display --ttyname --ttytype --lc-ctype --lc-messages --timeout --no-global-grab --ui --verbose --quiet --debug --config --keyring --no-keyring --help"
            if [[ ${cur} == -* || ${COMP_CWORD} -eq 2 ]] ; then
                COMPREPLY=( $(compgen -W "${opts}" -- "${cur}") )
                return 0
            fi
            case "${prev}" in
                --display)
                    COMPREPLY=($(compgen -f "${cur}"))
                    return 0
                    ;;
                -D)
                    COMPREPLY=($(compgen -f "${cur}"))
                    return 0
                    ;;
                --ttyname)
                    COMPREPLY=($(compgen -f "${cur}"))
                    return 0
                    ;;
                -T)
                    COMPREPLY=($(compgen -f "${cur}"))
                    return 0
                    ;;
                --ttytype)
                    COMPREPLY=($(compgen -f "${cur}"))
                    return 0
                    ;;
                -N)
                    COMPREPLY=($(compgen -f "${cur}"))
                    return 0
                    ;;
                --lc-ctype)
                    COMPREPLY=($(compgen -f "${cur}"))
                    return 0
                    ;;
                -C)
                    COMPREPLY=($(compgen -f "${cur}"))
                    return 0
                    ;;
                --lc-messages)
                    COMPREPLY=($(compgen -f "${cur}"))
                    return 0
                    ;;
                -M)
                    COMPREPLY=($(compgen -f "${cur}"))
                    return 0
                    ;;
                --timeout)
                    COMPREPLY=($(compgen -f "${cur}"))
                    return 0
                    ;;
                -o)
                    COMPREPLY=($(compgen -f "${cur}"))
                    return 0
                    ;;
                --ui)
                    COMPREPLY=($(compgen -f "${cur}"))
                    return 0
                    ;;
                --config)
                    COMPREPLY=($(compgen -f "${cur}"))
                    return 0
                    ;;
                *)
                    COMPREPLY=()
                    ;;
            esac
            COMPREPLY=( $(compgen -W "${opts}" -- "${cur}") )
            return 0
            ;;
    esac
}

if [[ "${BASH_VERSINFO[0]}" -eq 4 && "${BASH_VERSINFO[1]}" -ge 4 || "${BASH_VERSINFO[0]}" -gt 4 ]]; then
    complete -F _pinentry-wukong -o nosort -o bashdefault -o default pinentry-wukong
else
    complete -F _pinentry-wukong -o bashdefault -o default pinentry-wukong
fi


----- stderr -----
