---
source: tests/e2e/mod.rs
info:
  program: pinentry-wukong
  args:
    - completions
    - "-h"
---
success: true
exit_code: 0
----- stdout -----
Generate shell completions

Usage: pinentry-wukong completions [OPTIONS] <SHELL>

Arguments:
  <SHELL>  The shell type [possible values: bash, elvish, fish, powershell, zsh]

Options:
  -v, --verbose...     Increase logging verbosity
  -q, --quiet...       Decrease logging verbosity
      --debug          Enable debug logging (equivalent to -vvv)
      --config <PATH>  Path to a custom config file
      --keyring        Enable system keyring for secret management (default)
      --no-keyring     Disable system keyring for secret management
  -h, --help           Print help

----- stderr -----
